node : Γ¥î Port 5000 is 
already in use. Please 
kill the existing process 
or change the PORT in .env
At line:1 char:1
+ node index.js 2> 
error_log.txt
+ ~~~~~~~~~~~~~~~~~~~~~~~~
~~~~~~
    + CategoryInfo        
      : NotSpecified: (Γ  
  ¥î Port 5000 i...he P   
 ORT in .env:String) [    
], RemoteException
    + FullyQualifiedError 
   Id : NativeCommandErr  
  or
 
